// Jest Snapshot v1, https://goo.gl/fbAQLP

exports[`MenuOverlay Normal menu overlay 1`] = `ShallowWrapper {}`;

exports[`MenuOverlay Normal menu overlay arrow hidden 1`] = `ShallowWrapper {}`;

exports[`MenuOverlay Open menu overlay with backdrop bottom=50px 1`] = `ShallowWrapper {}`;

exports[`MenuOverlay Open menu overlay with backdrop left=50px 1`] = `ShallowWrapper {}`;

exports[`MenuOverlay Open menu overlay with backdrop right=50px 1`] = `ShallowWrapper {}`;

exports[`MenuOverlay Open menu overlay with backdrop top=50px 1`] = `ShallowWrapper {}`;

exports[`MenuOverlay Open menu overlay with pinned content 1`] = `ShallowWrapper {}`;
