// Jest Snapshot v1, https://goo.gl/fbAQLP

exports[`Overlay Generates a simple Overlay 1`] = `
.c0 {
  border: 0;
  font: inherit;
  font-size: 100%;
  margin: 0;
  padding: 0;
  vertical-align: baseline;
  display: inline-block;
  position: relative;
}

<div
  className="c0"
>
  <button
    onBlur={[Function]}
    onFocus={[Function]}
    onMouseOut={[Function]}
    onMouseOver={[Function]}
  >
    Trigger
  </button>
</div>
`;
