// Jest Snapshot v1, https://goo.gl/fbAQLP

exports[`An InputText 1`] = `
.c0 {
  margin: 0;
  padding: 0;
  border: 0;
  font: inherit;
  font-size: 100%;
  vertical-align: baseline;
  border: solid 1px #DEE1E5;
  height: 28px;
  padding: 0 0.5rem;
  border-radius: 4px;
  font-size: 0.875rem;
}

<input
  className="c0"
  id="thumbs-up"
  label="👍"
  name="thumbsUp"
/>
`;
