// Jest Snapshot v1, https://goo.gl/fbAQLP

exports[`A FormGroup 1`] = `
.c0 {
  display: -webkit-box;
  display: -webkit-flex;
  display: -ms-flexbox;
  display: flex;
  -webkit-align-items: center;
  -webkit-box-align: center;
  -ms-flex-align: center;
  align-items: center;
  margin-bottom: 8px;
}

<div
  className="c0"
/>
`;
