// Jest Snapshot v1, https://goo.gl/fbAQLP

exports[`Storyshots Buttons Button 1`] = `
<div>
  <table>
    <tbody>
      <tr>
        <td>
          <button
            className="button"
            onClick={[Function]}
          >
            Normal
          </button>
        </td>
      </tr>
    </tbody>
  </table>
</div>
`;
