// Jest Snapshot v1, https://goo.gl/fbAQLP

exports[`ModalHeader 1`] = `
.c0 {
  border: 0;
  box-sizing: border-box;
  font: inherit;
  font-size: 100%;
  margin: 0;
  padding: 0;
  vertical-align: baseline;
  display: -webkit-box;
  display: -webkit-flex;
  display: -ms-flexbox;
  display: flex;
  -webkit-flex-direction: row;
  -ms-flex-direction: row;
  flex-direction: row;
}

.c1 {
  border: 0;
  box-sizing: border-box;
  font: inherit;
  font-size: 100%;
  margin: 0;
  padding: 0;
  vertical-align: baseline;
  padding: 1.25rem;
}

.c3 {
  border: 0;
  box-sizing: border-box;
  font: inherit;
  font-size: 100%;
  margin: 0;
  padding: 0;
  vertical-align: baseline;
  font-size: 1.125rem;
  font-weight: 400;
  line-height: 1.75rem;
}

.c4 {
  border: 0;
  box-sizing: border-box;
  font: inherit;
  font-size: 100%;
  margin: 0;
  padding: 0;
  vertical-align: baseline;
  margin-left: auto;
  padding: 1.25rem;
}

.c6 {
  border: 0;
  box-sizing: border-box;
  font: inherit;
  font-size: 100%;
  margin: 0;
  padding: 0;
  vertical-align: baseline;
  -webkit-align-items: center;
  -webkit-box-align: center;
  -ms-flex-align: center;
  align-items: center;
  border-radius: 0.25rem;
  display: -webkit-inline-box;
  display: -webkit-inline-flex;
  display: -ms-inline-flexbox;
  display: inline-flex;
  font-family: 'Open Sans',Helvetica,Arial,sans-serif;
  padding-top: 0rem;
  padding-bottom: 0rem;
}

.c8 {
  border: 0;
  box-sizing: border-box;
  font: inherit;
  font-size: 100%;
  margin: 0;
  padding: 0;
  vertical-align: baseline;
  -webkit-align-items: center;
  -webkit-box-align: center;
  -ms-flex-align: center;
  align-items: center;
  display: -webkit-inline-box;
  display: -webkit-inline-flex;
  display: -ms-inline-flexbox;
  display: inline-flex;
  height: 1em;
  width: 1em;
}

.c2 {
  text-rendering: optimizeLegibility;
  -webkit-font-smoothing: antialiased;
  -moz-osx-font-smoothing: grayscale;
  text-transform: none;
}

.c7 {
  vertical-align: middle;
}

.c7 svg {
  fill: currentColor;
}

.c5 {
  font-weight: 600;
  outline: none;
  -webkit-transition: border 80ms;
  transition: border 80ms;
  text-rendering: optimizeLegibility;
  -webkit-font-smoothing: antialiased;
  -moz-osx-font-smoothing: grayscale;
  vertical-align: middle;
  white-space: nowrap;
  padding-left: 1.25rem;
  padding-right: 1.25rem;
  font-size: 1.375rem;
  line-height: 42px;
  border-style: solid;
  border-width: 0.0625rem;
  background: transparent;
  border-color: transparent;
  color: #64518A;
}

.c5:focus {
  box-shadow: 0 0 0 0.15rem rgba(100,81,138,0.25);
}

.c5[disabled] {
  cursor: default;
  -webkit-filter: grayscale(0.3);
  filter: grayscale(0.3);
  opacity: 0.25;
}

.c5[disabled]:hover,
.c5[disabled]:active,
.c5[disabled]:focus {
  background-color: transparent;
  border-color: transparent;
  color: #64518A;
}

.c5:hover,
.c5:focus,
.c5.hover {
  background: #F3F2FF;
  border-color: #F3F2FF;
  color: #6C43E0;
}

.c5:active,
.c5.active {
  background: #E8E5FF;
  border-color: #E8E5FF;
  color: #6C43E0;
}

<header
  className="c0"
>
  <div
    className="c1"
  >
    <h2
      className="c2 c3"
    >
      The Heading for a Dialog
    </h2>
  </div>
  <div
    className="c4"
  >
    <button
      className="c5 c6"
      style={
        Object {
          "lineHeight": 1,
          "padding": 0,
        }
      }
    >
      <div
        className="c7 c8"
      >
        <svg
          height="100%"
          viewBox="0 0 24 24"
          width="100%"
        >
          <path
            d="M19 6.41L17.59 5 12 10.59 6.41 5 5 6.41 10.59 12 5 17.59 6.41 19 12 13.41 17.59 19 19 17.59 13.41 12z"
          />
          <path
            d="M0 0h24v24H0z"
            fill="none"
          />
        </svg>
      </div>
    </button>
  </div>
</header>
`;
