// Jest Snapshot v1, https://goo.gl/fbAQLP

exports[`A Table should accept html table children 1`] = `
<table
  className=""
>
  <thead
    className=""
  >
    <tr>
      <th>
        Header 1
      </th>
      <th>
        Header 1
      </th>
    </tr>
  </thead>
  <tbody
    className=""
  >
    <tr>
      <td>
        Header 1
      </td>
      <td>
        Header 1
      </td>
    </tr>
  </tbody>
</table>
`;
